Release 14.3 - xst P.40xd (lin64)
Copyright (c) 1995-2012 Xilinx, Inc.  All rights reserved.
--> 
Parameter TMPDIR set to xst/projnav.tmp


Total REAL time to Xst completion: 0.00 secs
Total CPU time to Xst completion: 0.05 secs
 
--> 
Parameter xsthdpdir set to xst


Total REAL time to Xst completion: 0.00 secs
Total CPU time to Xst completion: 0.06 secs
 
--> 
Reading design: led_control.prj

TABLE OF CONTENTS
  1) Synthesis Options Summary
  2) HDL Parsing
  3) HDL Elaboration
  4) HDL Synthesis
       4.1) HDL Synthesis Report
  5) Advanced HDL Synthesis
       5.1) Advanced HDL Synthesis Report
  6) Low Level Synthesis
  7) Partition Report
  8) Design Summary
       8.1) Primitive and Black Box Usage
       8.2) Device utilization summary
       8.3) Partition Resource Summary
       8.4) Timing Report
            8.4.1) Clock Information
            8.4.2) Asynchronous Control Signals Information
            8.4.3) Timing Summary
            8.4.4) Timing Details
            8.4.5) Cross Clock Domains Report


=========================================================================
*                      Synthesis Options Summary                        *
=========================================================================
---- Source Parameters
Input File Name                    : "led_control.prj"
Ignore Synthesis Constraint File   : NO

---- Target Parameters
Output File Name                   : "led_control"
Output Format                      : NGC
Target Device                      : xa6slx9-3-ftg256

---- Source Options
Top Module Name                    : led_control
Automatic FSM Extraction           : YES
FSM Encoding Algorithm             : Auto
Safe Implementation                : No
FSM Style                          : LUT
RAM Extraction                     : Yes
RAM Style                          : Auto
ROM Extraction                     : Yes
Shift Register Extraction          : YES
ROM Style                          : Auto
Resource Sharing                   : YES
Asynchronous To Synchronous        : NO
Shift Register Minimum Size        : 2
Use DSP Block                      : Auto
Automatic Register Balancing       : No

---- Target Options
LUT Combining                      : Auto
Reduce Control Sets                : Auto
Add IO Buffers                     : YES
Global Maximum Fanout              : 100000
Add Generic Clock Buffer(BUFG)     : 16
Register Duplication               : YES
Optimize Instantiated Primitives   : NO
Use Clock Enable                   : Auto
Use Synchronous Set                : Auto
Use Synchronous Reset              : Auto
Pack IO Registers into IOBs        : Auto
Equivalent register Removal        : YES

---- General Options
Optimization Goal                  : Speed
Optimization Effort                : 1
Power Reduction                    : NO
Keep Hierarchy                     : No
Netlist Hierarchy                  : As_Optimized
RTL Output                         : Yes
Global Optimization                : AllClockNets
Read Cores                         : YES
Write Timing Constraints           : NO
Cross Clock Analysis               : NO
Hierarchy Separator                : /
Bus Delimiter                      : <>
Case Specifier                     : Maintain
Slice Utilization Ratio            : 100
BRAM Utilization Ratio             : 100
DSP48 Utilization Ratio            : 100
Auto BRAM Packing                  : NO
Slice Utilization Ratio Delta      : 5

=========================================================================


=========================================================================
*                          HDL Parsing                                  *
=========================================================================
Parsing VHDL file "/home/s0lid/Sources/edu.fpga.xilinx/led_control/led_control/led_control.vhd" into library work
Parsing entity <led_control>.
Parsing architecture <Behavioral> of entity <led_control>.

=========================================================================
*                            HDL Elaboration                            *
=========================================================================

Elaborating entity <led_control> (architecture <Behavioral>) from library <work>.

=========================================================================
*                           HDL Synthesis                               *
=========================================================================

Synthesizing Unit <led_control>.
    Related source file is "/home/s0lid/Sources/edu.fpga.xilinx/led_control/led_control/led_control.vhd".
WARNING:Xst:647 - Input <sw<3:1>> is never used. This port will be preserved and left unconnected if it belongs to a top-level block or it belongs to a sub-block and the hierarchy of this sub-block is preserved.
    Found 1-bit register for signal <state>.
    Found 1-bit register for signal <led>.
    Found 26-bit register for signal <c>.
    Found 26-bit adder for signal <c[25]_GND_3_o_add_0_OUT> created at line 46.
    Summary:
	inferred   1 Adder/Subtractor(s).
	inferred  28 D-type flip-flop(s).
Unit <led_control> synthesized.

=========================================================================
HDL Synthesis Report

Macro Statistics
# Adders/Subtractors                                   : 1
 26-bit adder                                          : 1
# Registers                                            : 3
 1-bit register                                        : 2
 26-bit register                                       : 1

=========================================================================

=========================================================================
*                       Advanced HDL Synthesis                          *
=========================================================================


Synthesizing (advanced) Unit <led_control>.
The following registers are absorbed into counter <c>: 1 register on signal <c>.
Unit <led_control> synthesized (advanced).

=========================================================================
Advanced HDL Synthesis Report

Macro Statistics
# Adders/Subtractors                                   : 1
 26-bit adder                                          : 1
# Counters                                             : 1
 26-bit up counter                                     : 1
# Registers                                            : 2
 Flip-Flops                                            : 2

=========================================================================

=========================================================================
*                         Low Level Synthesis                           *
=========================================================================

Optimizing unit <led_control> ...

Mapping all equations...
Building and optimizing final netlist ...
Found area constraint ratio of 100 (+ 5) on block led_control, actual ratio is 1.

Final Macro Processing ...

=========================================================================
Final Register Report

Macro Statistics
# Registers                                            : 28
 Flip-Flops                                            : 28

=========================================================================

=========================================================================
*                           Partition Report                            *
=========================================================================

Partition Implementation Status
-------------------------------

  No Partitions were found in this design.

-------------------------------

=========================================================================
*                            Design Summary                             *
=========================================================================

Top Level Output File Name         : led_control.ngc

Primitive and Black Box Usage:
------------------------------
# BELS                             : 163
#      GND                         : 1
#      INV                         : 3
#      LUT1                        : 50
#      LUT2                        : 1
#      LUT6                        : 5
#      MUXCY                       : 50
#      VCC                         : 1
#      XORCY                       : 52
# FlipFlops/Latches                : 28
#      FD                          : 27
#      FDR                         : 1
# Clock Buffers                    : 1
#      BUFGP                       : 1
# IO Buffers                       : 2
#      IBUF                        : 1
#      OBUF                        : 1

Device utilization summary:
---------------------------

Selected Device : xa6slx9ftg256-3 


Slice Logic Utilization: 
 Number of Slice Registers:              28  out of  11440     0%  
 Number of Slice LUTs:                   59  out of   5720     1%  
    Number used as Logic:                59  out of   5720     1%  

Slice Logic Distribution: 
 Number of LUT Flip Flop pairs used:     60
   Number with an unused Flip Flop:      32  out of     60    53%  
   Number with an unused LUT:             1  out of     60     1%  
   Number of fully used LUT-FF pairs:    27  out of     60    45%  
   Number of unique control sets:         2

IO Utilization: 
 Number of IOs:                           6
 Number of bonded IOBs:                   3  out of    186     1%  

Specific Feature Utilization:
 Number of BUFG/BUFGCTRLs:                1  out of     16     6%  

---------------------------
Partition Resource Summary:
---------------------------

  No Partitions were found in this design.

---------------------------


=========================================================================
Timing Report

NOTE: THESE TIMING NUMBERS ARE ONLY A SYNTHESIS ESTIMATE.
      FOR ACCURATE TIMING INFORMATION PLEASE REFER TO THE TRACE REPORT
      GENERATED AFTER PLACE-and-ROUTE.

Clock Information:
------------------
-----------------------------------+------------------------+-------+
Clock Signal                       | Clock buffer(FF name)  | Load  |
-----------------------------------+------------------------+-------+
clk                                | BUFGP                  | 28    |
-----------------------------------+------------------------+-------+

Asynchronous Control Signals Information:
----------------------------------------
No asynchronous control signals found in this design

Timing Summary:
---------------
Speed Grade: -3

   Minimum period: 4.080ns (Maximum Frequency: 245.101MHz)
   Minimum input arrival time before clock: 3.016ns
   Maximum output required time after clock: 3.597ns
   Maximum combinational path delay: No path found

Timing Details:
---------------
All values displayed in nanoseconds (ns)

=========================================================================
Timing constraint: Default period analysis for Clock 'clk'
  Clock period: 4.080ns (frequency: 245.101MHz)
  Total number of paths / destination ports: 704 / 28
-------------------------------------------------------------------------
Delay:               4.080ns (Levels of Logic = 22)
  Source:            c_0 (FF)
  Destination:       state (FF)
  Source Clock:      clk rising
  Destination Clock: clk rising

  Data Path: c_0 to state
                                Gate     Net
    Cell:in->out      fanout   Delay   Delay  Logical Name (Net Name)
    ----------------------------------------  ------------
     FD:C->Q               2   0.447   0.616  c_0 (c_0)
     INV:I->O              1   0.206   0.000  Madd_c[25]_GND_3_o_add_0_OUT_lut<0>_INV_0 (Madd_c[25]_GND_3_o_add_0_OUT_lut<0>)
     MUXCY:S->O            1   0.172   0.000  Madd_c[25]_GND_3_o_add_0_OUT_cy<0> (Madd_c[25]_GND_3_o_add_0_OUT_cy<0>)
     MUXCY:CI->O           1   0.019   0.000  Madd_c[25]_GND_3_o_add_0_OUT_cy<1> (Madd_c[25]_GND_3_o_add_0_OUT_cy<1>)
     MUXCY:CI->O           1   0.019   0.000  Madd_c[25]_GND_3_o_add_0_OUT_cy<2> (Madd_c[25]_GND_3_o_add_0_OUT_cy<2>)
     MUXCY:CI->O           1   0.019   0.000  Madd_c[25]_GND_3_o_add_0_OUT_cy<3> (Madd_c[25]_GND_3_o_add_0_OUT_cy<3>)
     MUXCY:CI->O           1   0.019   0.000  Madd_c[25]_GND_3_o_add_0_OUT_cy<4> (Madd_c[25]_GND_3_o_add_0_OUT_cy<4>)
     MUXCY:CI->O           1   0.019   0.000  Madd_c[25]_GND_3_o_add_0_OUT_cy<5> (Madd_c[25]_GND_3_o_add_0_OUT_cy<5>)
     MUXCY:CI->O           1   0.019   0.000  Madd_c[25]_GND_3_o_add_0_OUT_cy<6> (Madd_c[25]_GND_3_o_add_0_OUT_cy<6>)
     MUXCY:CI->O           1   0.019   0.000  Madd_c[25]_GND_3_o_add_0_OUT_cy<7> (Madd_c[25]_GND_3_o_add_0_OUT_cy<7>)
     MUXCY:CI->O           1   0.019   0.000  Madd_c[25]_GND_3_o_add_0_OUT_cy<8> (Madd_c[25]_GND_3_o_add_0_OUT_cy<8>)
     MUXCY:CI->O           1   0.019   0.000  Madd_c[25]_GND_3_o_add_0_OUT_cy<9> (Madd_c[25]_GND_3_o_add_0_OUT_cy<9>)
     MUXCY:CI->O           1   0.019   0.000  Madd_c[25]_GND_3_o_add_0_OUT_cy<10> (Madd_c[25]_GND_3_o_add_0_OUT_cy<10>)
     MUXCY:CI->O           1   0.019   0.000  Madd_c[25]_GND_3_o_add_0_OUT_cy<11> (Madd_c[25]_GND_3_o_add_0_OUT_cy<11>)
     MUXCY:CI->O           1   0.019   0.000  Madd_c[25]_GND_3_o_add_0_OUT_cy<12> (Madd_c[25]_GND_3_o_add_0_OUT_cy<12>)
     MUXCY:CI->O           1   0.019   0.000  Madd_c[25]_GND_3_o_add_0_OUT_cy<13> (Madd_c[25]_GND_3_o_add_0_OUT_cy<13>)
     MUXCY:CI->O           1   0.019   0.000  Madd_c[25]_GND_3_o_add_0_OUT_cy<14> (Madd_c[25]_GND_3_o_add_0_OUT_cy<14>)
     MUXCY:CI->O           1   0.019   0.000  Madd_c[25]_GND_3_o_add_0_OUT_cy<15> (Madd_c[25]_GND_3_o_add_0_OUT_cy<15>)
     MUXCY:CI->O           1   0.019   0.000  Madd_c[25]_GND_3_o_add_0_OUT_cy<16> (Madd_c[25]_GND_3_o_add_0_OUT_cy<16>)
     MUXCY:CI->O           1   0.019   0.000  Madd_c[25]_GND_3_o_add_0_OUT_cy<17> (Madd_c[25]_GND_3_o_add_0_OUT_cy<17>)
     XORCY:CI->O           1   0.180   0.944  Madd_c[25]_GND_3_o_add_0_OUT_xor<18> (c[25]_GND_3_o_add_0_OUT<18>)
     LUT6:I0->O            1   0.203   0.684  GND_3_o_c[25]_equal_2_o<25>1 (GND_3_o_c[25]_equal_2_o<25>)
     LUT6:I4->O            1   0.203   0.000  state_rstpot (state_rstpot)
     FD:D                      0.102          state
    ----------------------------------------
    Total                      4.080ns (1.836ns logic, 2.244ns route)
                                       (45.0% logic, 55.0% route)

=========================================================================
Timing constraint: Default OFFSET IN BEFORE for Clock 'clk'
  Total number of paths / destination ports: 1 / 1
-------------------------------------------------------------------------
Offset:              3.016ns (Levels of Logic = 2)
  Source:            sw<0> (PAD)
  Destination:       led (FF)
  Destination Clock: clk rising

  Data Path: sw<0> to led
                                Gate     Net
    Cell:in->out      fanout   Delay   Delay  Logical Name (Net Name)
    ----------------------------------------  ------------
     IBUF:I->O             1   1.222   0.579  sw_0_IBUF (sw_0_IBUF)
     INV:I->O              1   0.206   0.579  sw<0>_inv1_INV_0 (sw<0>_inv)
     FDR:R                     0.430          led
    ----------------------------------------
    Total                      3.016ns (1.858ns logic, 1.158ns route)
                                       (61.6% logic, 38.4% route)

=========================================================================
Timing constraint: Default OFFSET OUT AFTER for Clock 'clk'
  Total number of paths / destination ports: 1 / 1
-------------------------------------------------------------------------
Offset:              3.597ns (Levels of Logic = 1)
  Source:            led (FF)
  Destination:       led (PAD)
  Source Clock:      clk rising

  Data Path: led to led
                                Gate     Net
    Cell:in->out      fanout   Delay   Delay  Logical Name (Net Name)
    ----------------------------------------  ------------
     FDR:C->Q              1   0.447   0.579  led (led_OBUF)
     OBUF:I->O                 2.571          led_OBUF (led)
    ----------------------------------------
    Total                      3.597ns (3.018ns logic, 0.579ns route)
                                       (83.9% logic, 16.1% route)

=========================================================================

Cross Clock Domains Report:
--------------------------

Clock to Setup on destination clock clk
---------------+---------+---------+---------+---------+
               | Src:Rise| Src:Fall| Src:Rise| Src:Fall|
Source Clock   |Dest:Rise|Dest:Rise|Dest:Fall|Dest:Fall|
---------------+---------+---------+---------+---------+
clk            |    4.080|         |         |         |
---------------+---------+---------+---------+---------+

=========================================================================


Total REAL time to Xst completion: 5.00 secs
Total CPU time to Xst completion: 5.59 secs
 
--> 


Total memory usage is 587948 kilobytes

Number of errors   :    0 (   0 filtered)
Number of warnings :    1 (   0 filtered)
Number of infos    :    0 (   0 filtered)

